// Jest Snapshot v1, https://goo.gl/fbAQLP

exports[`ProductImages should match snapshot for no images 1`] = `
<Image
  source="mock-no-product-image"
  style={
    {
      "height": 300,
      "width": 300,
    }
  }
/>
`;
